// Jest Snapshot v1, https://goo.gl/fbAQLP

exports[`WardenAirdrop gas claim gas 100 eligible users 1`] = `
Object {
  "calldataByteLength": 324,
  "gasUsed": 95480,
}
`;

exports[`WardenAirdrop gas claim gas 1000 eligible users 1`] = `
Object {
  "calldataByteLength": 420,
  "gasUsed": 98445,
}
`;

exports[`WardenAirdrop gas claim gas 10000 eligible users 1`] = `
Object {
  "calldataByteLength": 548,
  "gasUsed": 102207,
}
`;

exports[`WardenAirdrop gas claim gas 50000 eligible users 1`] = `
Object {
  "calldataByteLength": 612,
  "gasUsed": 103697,
}
`;

exports[`WardenAirdrop gas updateRoot gas 100 users 1`] = `
Object {
  "calldataByteLength": 36,
  "gasUsed": 47141,
}
`;

exports[`WardenAirdrop gas updateRoot gas 1000 users 1`] = `
Object {
  "calldataByteLength": 36,
  "gasUsed": 47141,
}
`;

exports[`WardenAirdrop gas updateRoot gas 10000 users 1`] = `
Object {
  "calldataByteLength": 36,
  "gasUsed": 47141,
}
`;

exports[`WardenAirdrop gas updateRoot gas 50000 users 1`] = `
Object {
  "calldataByteLength": 36,
  "gasUsed": 47141,
}
`;
